// Bun Snapshot v1, https://bun.sh/docs/test/snapshots

exports[`the resolved lint config matches its snapshot 1`] = `
{
  "categories": {
    "correctness": "off",
  },
  "env": {
    "browser": true,
    "builtin": true,
    "es2020": true,
  },
  "globals": {},
  "ignorePatterns": [
    "dist",
    "storybook-static",
  ],
  "jsPlugins": [
    "@tanstack/eslint-plugin-query",
    "eslint-plugin-storybook",
  ],
  "options": {
    "typeAware": true,
  },
  "overrides": [
    {
      "files": [
        "src/routes/**/*.tsx",
      ],
      "rules": {
        "react/only-export-components": "off",
      },
    },
    {
      "files": [
        "**/*.stories.{ts,tsx}",
      ],
      "rules": {
        "react/only-export-components": "off",
        "react/rules-of-hooks": "off",
        "storybook/await-interactions": "error",
        "storybook/context-in-play-function": "error",
        "storybook/default-exports": "error",
        "storybook/hierarchy-separator": "warn",
        "storybook/no-redundant-story-name": "warn",
        "storybook/no-renderer-packages": "error",
        "storybook/prefer-pascal-case": "warn",
        "storybook/story-exports": "error",
        "storybook/use-storybook-expect": "error",
        "storybook/use-storybook-testing-library": "error",
      },
    },
    {
      "files": [
        "**/.storybook/main.ts",
      ],
      "rules": {
        "storybook/no-uninstalled-addons": "error",
      },
    },
  ],
  "plugins": [
    "react",
    "typescript",
  ],
  "rules": {
    "@tanstack/query/exhaustive-deps": "warn",
    "@tanstack/query/infinite-query-property-order": "error",
    "@tanstack/query/mutation-property-order": "error",
    "@tanstack/query/no-rest-destructuring": "warn",
    "@tanstack/query/no-unstable-deps": "error",
    "@tanstack/query/stable-query-client": "error",
    "for-direction": "error",
    "no-array-constructor": "error",
    "no-async-promise-executor": "error",
    "no-case-declarations": "error",
    "no-compare-neg-zero": "error",
    "no-cond-assign": "error",
    "no-constant-binary-expression": "error",
    "no-constant-condition": [
      "error",
      {
        "checkLoops": "allExceptWhileTrue",
      },
    ],
    "no-control-regex": "error",
    "no-debugger": "error",
    "no-delete-var": "error",
    "no-dupe-else-if": "error",
    "no-duplicate-case": "error",
    "no-empty": "error",
    "no-empty-character-class": "error",
    "no-empty-pattern": "error",
    "no-empty-static-block": "error",
    "no-ex-assign": "error",
    "no-extra-boolean-cast": "error",
    "no-fallthrough": "error",
    "no-global-assign": "error",
    "no-invalid-regexp": "error",
    "no-irregular-whitespace": "error",
    "no-loss-of-precision": "error",
    "no-misleading-character-class": "error",
    "no-nonoctal-decimal-escape": "error",
    "no-prototype-builtins": "error",
    "no-regex-spaces": "error",
    "no-self-assign": "error",
    "no-shadow-restricted-names": [
      "error",
      {
        "reportGlobalThis": false,
      },
    ],
    "no-sparse-arrays": "error",
    "no-unexpected-multiline": "error",
    "no-unsafe-finally": "error",
    "no-unsafe-optional-chaining": "error",
    "no-unused-expressions": "error",
    "no-unused-labels": "error",
    "no-unused-private-class-members": "error",
    "no-unused-vars": [
      "error",
      {
        "argsIgnorePattern": "^_",
        "varsIgnorePattern": "^_",
      },
    ],
    "no-useless-backreference": "error",
    "no-useless-catch": "error",
    "no-useless-escape": "error",
    "no-var": "error",
    "prefer-const": "error",
    "prefer-rest-params": "error",
    "prefer-spread": "error",
    "react/error-boundaries": "error",
    "react/exhaustive-deps": "warn",
    "react/globals": "error",
    "react/immutability": "warn",
    "react/incompatible-library": "warn",
    "react/only-export-components": [
      "warn",
      {
        "allowConstantExport": true,
      },
    ],
    "react/preserve-manual-memoization": "error",
    "react/purity": "warn",
    "react/refs": "error",
    "react/rule-suppression": "error",
    "react/rules-of-hooks": "error",
    "react/set-state-in-effect": "warn",
    "react/set-state-in-render": "error",
    "react/static-components": "error",
    "react/unsupported-syntax": "warn",
    "react/use-memo": "error",
    "react/void-use-memo": "error",
    "require-yield": "error",
    "typescript/await-thenable": "warn",
    "typescript/ban-ts-comment": "error",
    "typescript/no-array-delete": "warn",
    "typescript/no-base-to-string": "warn",
    "typescript/no-duplicate-enum-values": "error",
    "typescript/no-duplicate-type-constituents": "warn",
    "typescript/no-empty-object-type": "error",
    "typescript/no-explicit-any": "warn",
    "typescript/no-extra-non-null-assertion": "error",
    "typescript/no-floating-promises": "warn",
    "typescript/no-for-in-array": "warn",
    "typescript/no-implied-eval": "warn",
    "typescript/no-meaningless-void-operator": "warn",
    "typescript/no-misused-new": "error",
    "typescript/no-misused-promises": "warn",
    "typescript/no-misused-spread": "warn",
    "typescript/no-namespace": "error",
    "typescript/no-non-null-asserted-optional-chain": "error",
    "typescript/no-redundant-type-constituents": "warn",
    "typescript/no-require-imports": "error",
    "typescript/no-this-alias": "error",
    "typescript/no-unnecessary-type-assertion": "warn",
    "typescript/no-unnecessary-type-constraint": "error",
    "typescript/no-unsafe-declaration-merging": "error",
    "typescript/no-unsafe-function-type": "error",
    "typescript/no-unsafe-unary-minus": "warn",
    "typescript/no-useless-default-assignment": "warn",
    "typescript/no-wrapper-object-types": "error",
    "typescript/prefer-as-const": "error",
    "typescript/prefer-namespace-keyword": "error",
    "typescript/require-array-sort-compare": "warn",
    "typescript/restrict-template-expressions": "warn",
    "typescript/triple-slash-reference": "error",
    "typescript/unbound-method": "warn",
    "use-isnan": "error",
    "valid-typeof": "error",
  },
}
`;
